../Core/Src/main.c:120:1:__io_putchar	16	static
../Core/Src/main.c:141:6:HAL_UART_RxCpltCallback	24	static
../Core/Src/main.c:218:6:HAL_GPIO_EXTI_Callback	32	static
../Core/Src/main.c:416:6:HAL_TIM_PeriodElapsedCallback	24	static
../Core/Src/main.c:459:10:pid_velo	64	static
../Core/Src/main.c:494:10:pid_pos	64	static
../Core/Src/main.c:541:5:main	8	static
../Core/Src/main.c:610:6:SystemClock_Config	72	static
../Core/Src/main.c:649:13:MX_TIM2_Init	48	static
../Core/Src/main.c:702:13:MX_TIM3_Init	32	static
../Core/Src/main.c:747:13:MX_TIM4_Init	32	static
../Core/Src/main.c:792:13:MX_USART1_UART_Init	8	static
../Core/Src/main.c:825:13:MX_GPIO_Init	32	static
../Core/Src/main.c:870:6:Error_Handler	4	static,ignoring_inline_asm
