../Core/Src/main.c:123:1:__io_putchar	16	static
../Core/Src/main.c:144:6:HAL_UART_RxCpltCallback	24	static
../Core/Src/main.c:221:6:HAL_GPIO_EXTI_Callback	40	static
../Core/Src/main.c:456:6:HAL_TIM_PeriodElapsedCallback	24	static
../Core/Src/main.c:499:10:pid_velo	64	static
../Core/Src/main.c:534:10:pid_pos	64	static
../Core/Src/main.c:581:5:main	8	static
../Core/Src/main.c:651:6:SystemClock_Config	72	static
../Core/Src/main.c:690:13:MX_SPI1_Init	8	static
../Core/Src/main.c:728:13:MX_TIM2_Init	48	static
../Core/Src/main.c:781:13:MX_TIM3_Init	32	static
../Core/Src/main.c:826:13:MX_TIM4_Init	32	static
../Core/Src/main.c:871:13:MX_USART1_UART_Init	8	static
../Core/Src/main.c:904:13:MX_GPIO_Init	40	static
../Core/Src/main.c:981:6:Error_Handler	4	static,ignoring_inline_asm
